// Jest Snapshot v1, https://goo.gl/fbAQLP

exports[`Book React-Redux Component should render with given state from Redux store 1`] = `<div />`;
